// Jest Snapshot v1, https://goo.gl/fbAQLP

exports[`HeadCollector adds HeadTags to given array from component tree 1`] = `
Array [
  <tag1
    another="value1"
    name="name1"
  />,
  <tag2
    test="test2"
    third="value2"
  />,
]
`;
